[2024-07-13T22:09:07.332+0600][gc,heap] Heap region size: 1M
[2024-07-13T22:09:07.382+0600][gc     ] Using G1
[2024-07-13T22:09:07.382+0600][gc,heap,coops] Heap address: 0x00000000c0000000, size: 1024 MB, Compressed Oops mode: 32-bit
[2024-07-13T22:09:07.383+0600][gc,cds       ] Mark closed archive regions in map: [0x00000000fff00000, 0x00000000fff6bff8]
[2024-07-13T22:09:07.383+0600][gc,cds       ] Mark open archive regions in map: [0x00000000ffe00000, 0x00000000ffe47ff8]
[2024-07-13T22:09:10.988+0600][gc,start     ] GC(0) Pause Young (Normal) (G1 Evacuation Pause)
[2024-07-13T22:09:10.989+0600][gc,task      ] GC(0) Using 4 workers of 4 for evacuation
[2024-07-13T22:09:11.029+0600][gc,mmu       ] GC(0) MMU target violated: 21.0ms (20.0ms/21.0ms)
[2024-07-13T22:09:11.029+0600][gc,phases    ] GC(0)   Pre Evacuate Collection Set: 0.7ms
[2024-07-13T22:09:11.029+0600][gc,phases    ] GC(0)   Evacuate Collection Set: 37.9ms
[2024-07-13T22:09:11.029+0600][gc,phases    ] GC(0)   Post Evacuate Collection Set: 1.0ms
[2024-07-13T22:09:11.029+0600][gc,phases    ] GC(0)   Other: 1.9ms
[2024-07-13T22:09:11.029+0600][gc,heap      ] GC(0) Eden regions: 51->0(44)
[2024-07-13T22:09:11.029+0600][gc,heap      ] GC(0) Survivor regions: 0->7(7)
[2024-07-13T22:09:11.029+0600][gc,heap      ] GC(0) Old regions: 2->2
[2024-07-13T22:09:11.029+0600][gc,heap      ] GC(0) Humongous regions: 0->0
[2024-07-13T22:09:11.029+0600][gc,metaspace ] GC(0) Metaspace: 15583K(16256K)->15583K(16256K) NonClass: 13628K(14080K)->13628K(14080K) Class: 1955K(2176K)->1955K(2176K)
[2024-07-13T22:09:11.029+0600][gc           ] GC(0) Pause Young (Normal) (G1 Evacuation Pause) 51M->7M(1024M) 41.752ms
[2024-07-13T22:09:11.030+0600][gc,cpu       ] GC(0) User=0.13s Sys=0.01s Real=0.04s
[2024-07-13T22:09:12.268+0600][gc,start     ] GC(1) Pause Young (Concurrent Start) (Metadata GC Threshold)
[2024-07-13T22:09:12.268+0600][gc,task      ] GC(1) Using 4 workers of 4 for evacuation
[2024-07-13T22:09:12.302+0600][gc,mmu       ] GC(1) MMU target violated: 21.0ms (20.0ms/21.0ms)
[2024-07-13T22:09:12.303+0600][gc,phases    ] GC(1)   Pre Evacuate Collection Set: 0.1ms
[2024-07-13T22:09:12.303+0600][gc,phases    ] GC(1)   Evacuate Collection Set: 32.4ms
[2024-07-13T22:09:12.303+0600][gc,phases    ] GC(1)   Post Evacuate Collection Set: 0.7ms
[2024-07-13T22:09:12.303+0600][gc,phases    ] GC(1)   Other: 1.1ms
[2024-07-13T22:09:12.303+0600][gc,heap      ] GC(1) Eden regions: 19->0(49)
[2024-07-13T22:09:12.303+0600][gc,heap      ] GC(1) Survivor regions: 7->2(7)
[2024-07-13T22:09:12.303+0600][gc,heap      ] GC(1) Old regions: 2->9
[2024-07-13T22:09:12.303+0600][gc,heap      ] GC(1) Humongous regions: 0->0
[2024-07-13T22:09:12.303+0600][gc,metaspace ] GC(1) Metaspace: 20351K(21248K)->20351K(21248K) NonClass: 17823K(18432K)->17823K(18432K) Class: 2528K(2816K)->2528K(2816K)
[2024-07-13T22:09:12.303+0600][gc           ] GC(1) Pause Young (Concurrent Start) (Metadata GC Threshold) 25M->8M(1024M) 34.745ms
[2024-07-13T22:09:12.303+0600][gc,cpu       ] GC(1) User=0.09s Sys=0.02s Real=0.03s
[2024-07-13T22:09:12.303+0600][gc           ] GC(2) Concurrent Cycle
[2024-07-13T22:09:12.303+0600][gc,marking   ] GC(2) Concurrent Clear Claimed Marks
[2024-07-13T22:09:12.303+0600][gc,marking   ] GC(2) Concurrent Clear Claimed Marks 0.106ms
[2024-07-13T22:09:12.303+0600][gc,marking   ] GC(2) Concurrent Scan Root Regions
[2024-07-13T22:09:12.306+0600][gc,marking   ] GC(2) Concurrent Scan Root Regions 2.697ms
[2024-07-13T22:09:12.306+0600][gc,marking   ] GC(2) Concurrent Mark (4.984s)
[2024-07-13T22:09:12.306+0600][gc,marking   ] GC(2) Concurrent Mark From Roots
[2024-07-13T22:09:12.306+0600][gc,task      ] GC(2) Using 1 workers of 1 for marking
[2024-07-13T22:09:12.347+0600][gc,marking   ] GC(2) Concurrent Mark From Roots 40.716ms
[2024-07-13T22:09:12.347+0600][gc,marking   ] GC(2) Concurrent Preclean
[2024-07-13T22:09:12.347+0600][gc,marking   ] GC(2) Concurrent Preclean 0.407ms
[2024-07-13T22:09:12.347+0600][gc,marking   ] GC(2) Concurrent Mark (4.984s, 5.025s) 41.330ms
[2024-07-13T22:09:12.349+0600][gc,start     ] GC(2) Pause Remark
[2024-07-13T22:09:12.354+0600][gc,stringtable] GC(2) Cleaned string and symbol table, strings: 5488 processed, 0 removed, symbols: 50233 processed, 40 removed
[2024-07-13T22:09:12.355+0600][gc            ] GC(2) Pause Remark 9M->9M(1024M) 6.172ms
[2024-07-13T22:09:12.355+0600][gc,cpu        ] GC(2) User=0.02s Sys=0.00s Real=0.00s
[2024-07-13T22:09:12.355+0600][gc,marking    ] GC(2) Concurrent Rebuild Remembered Sets
[2024-07-13T22:09:12.376+0600][gc,marking    ] GC(2) Concurrent Rebuild Remembered Sets 21.243ms
[2024-07-13T22:09:12.377+0600][gc,start      ] GC(2) Pause Cleanup
[2024-07-13T22:09:12.377+0600][gc            ] GC(2) Pause Cleanup 10M->10M(1024M) 0.391ms
[2024-07-13T22:09:12.377+0600][gc,cpu        ] GC(2) User=0.00s Sys=0.00s Real=0.00s
[2024-07-13T22:09:12.377+0600][gc,marking    ] GC(2) Concurrent Cleanup for Next Mark
[2024-07-13T22:09:12.425+0600][gc,marking    ] GC(2) Concurrent Cleanup for Next Mark 47.710ms
[2024-07-13T22:09:12.425+0600][gc            ] GC(2) Concurrent Cycle 121.932ms
[2024-07-13T22:09:13.463+0600][gc,heap,exit  ] Heap
[2024-07-13T22:09:13.463+0600][gc,heap,exit  ]  garbage-first heap   total 1048576K, used 13918K [0x00000000c0000000, 0x0000000100000000)
[2024-07-13T22:09:13.463+0600][gc,heap,exit  ]   region size 1024K, 8 young (8192K), 2 survivors (2048K)
[2024-07-13T22:09:13.463+0600][gc,heap,exit  ]  Metaspace       used 21157K, capacity 21914K, committed 22144K, reserved 1069056K
[2024-07-13T22:09:13.463+0600][gc,heap,exit  ]   class space    used 2648K, capacity 2936K, committed 2944K, reserved 1048576K
