[2024-07-13T22:09:44.104+0600][gc,heap] Heap region size: 1M
[2024-07-13T22:09:44.161+0600][gc     ] Using G1
[2024-07-13T22:09:44.161+0600][gc,heap,coops] Heap address: 0x00000000c0000000, size: 1024 MB, Compressed Oops mode: 32-bit
[2024-07-13T22:09:44.162+0600][gc,cds       ] Mark closed archive regions in map: [0x00000000fff00000, 0x00000000fff6bff8]
[2024-07-13T22:09:44.162+0600][gc,cds       ] Mark open archive regions in map: [0x00000000ffe00000, 0x00000000ffe47ff8]
[2024-07-13T22:09:47.173+0600][gc,start     ] GC(0) Pause Young (Normal) (G1 Evacuation Pause)
[2024-07-13T22:09:47.174+0600][gc,task      ] GC(0) Using 4 workers of 4 for evacuation
[2024-07-13T22:09:47.209+0600][gc,mmu       ] GC(0) MMU target violated: 21.0ms (20.0ms/21.0ms)
[2024-07-13T22:09:47.209+0600][gc,phases    ] GC(0)   Pre Evacuate Collection Set: 0.0ms
[2024-07-13T22:09:47.209+0600][gc,phases    ] GC(0)   Evacuate Collection Set: 32.8ms
[2024-07-13T22:09:47.209+0600][gc,phases    ] GC(0)   Post Evacuate Collection Set: 1.2ms
[2024-07-13T22:09:47.209+0600][gc,phases    ] GC(0)   Other: 1.8ms
[2024-07-13T22:09:47.209+0600][gc,heap      ] GC(0) Eden regions: 51->0(44)
[2024-07-13T22:09:47.209+0600][gc,heap      ] GC(0) Survivor regions: 0->7(7)
[2024-07-13T22:09:47.209+0600][gc,heap      ] GC(0) Old regions: 2->2
[2024-07-13T22:09:47.209+0600][gc,heap      ] GC(0) Humongous regions: 0->0
[2024-07-13T22:09:47.209+0600][gc,metaspace ] GC(0) Metaspace: 15563K(16256K)->15563K(16256K) NonClass: 13607K(14080K)->13607K(14080K) Class: 1955K(2176K)->1955K(2176K)
[2024-07-13T22:09:47.209+0600][gc           ] GC(0) Pause Young (Normal) (G1 Evacuation Pause) 51M->7M(1024M) 36.051ms
[2024-07-13T22:09:47.209+0600][gc,cpu       ] GC(0) User=0.12s Sys=0.01s Real=0.04s
[2024-07-13T22:09:48.427+0600][gc,start     ] GC(1) Pause Young (Concurrent Start) (Metadata GC Threshold)
[2024-07-13T22:09:48.427+0600][gc,task      ] GC(1) Using 4 workers of 4 for evacuation
[2024-07-13T22:09:48.461+0600][gc,mmu       ] GC(1) MMU target violated: 21.0ms (20.0ms/21.0ms)
[2024-07-13T22:09:48.461+0600][gc,phases    ] GC(1)   Pre Evacuate Collection Set: 0.1ms
[2024-07-13T22:09:48.461+0600][gc,phases    ] GC(1)   Evacuate Collection Set: 32.4ms
[2024-07-13T22:09:48.461+0600][gc,phases    ] GC(1)   Post Evacuate Collection Set: 0.8ms
[2024-07-13T22:09:48.461+0600][gc,phases    ] GC(1)   Other: 0.7ms
[2024-07-13T22:09:48.461+0600][gc,heap      ] GC(1) Eden regions: 19->0(50)
[2024-07-13T22:09:48.461+0600][gc,heap      ] GC(1) Survivor regions: 7->1(7)
[2024-07-13T22:09:48.461+0600][gc,heap      ] GC(1) Old regions: 2->9
[2024-07-13T22:09:48.461+0600][gc,heap      ] GC(1) Humongous regions: 0->0
[2024-07-13T22:09:48.461+0600][gc,metaspace ] GC(1) Metaspace: 20371K(21248K)->20371K(21248K) NonClass: 17840K(18432K)->17840K(18432K) Class: 2531K(2816K)->2531K(2816K)
[2024-07-13T22:09:48.462+0600][gc           ] GC(1) Pause Young (Concurrent Start) (Metadata GC Threshold) 25M->8M(1024M) 34.157ms
[2024-07-13T22:09:48.462+0600][gc,cpu       ] GC(1) User=0.10s Sys=0.01s Real=0.04s
[2024-07-13T22:09:48.462+0600][gc           ] GC(2) Concurrent Cycle
[2024-07-13T22:09:48.462+0600][gc,marking   ] GC(2) Concurrent Clear Claimed Marks
[2024-07-13T22:09:48.462+0600][gc,marking   ] GC(2) Concurrent Clear Claimed Marks 0.105ms
[2024-07-13T22:09:48.462+0600][gc,marking   ] GC(2) Concurrent Scan Root Regions
[2024-07-13T22:09:48.466+0600][gc,marking   ] GC(2) Concurrent Scan Root Regions 3.703ms
[2024-07-13T22:09:48.466+0600][gc,marking   ] GC(2) Concurrent Mark (4.372s)
[2024-07-13T22:09:48.466+0600][gc,marking   ] GC(2) Concurrent Mark From Roots
[2024-07-13T22:09:48.466+0600][gc,task      ] GC(2) Using 1 workers of 1 for marking
[2024-07-13T22:09:48.495+0600][gc,marking   ] GC(2) Concurrent Mark From Roots 29.589ms
[2024-07-13T22:09:48.495+0600][gc,marking   ] GC(2) Concurrent Preclean
[2024-07-13T22:09:48.496+0600][gc,marking   ] GC(2) Concurrent Preclean 0.336ms
[2024-07-13T22:09:48.496+0600][gc,marking   ] GC(2) Concurrent Mark (4.372s, 4.402s) 30.071ms
[2024-07-13T22:09:48.496+0600][gc,start     ] GC(2) Pause Remark
[2024-07-13T22:09:48.501+0600][gc,stringtable] GC(2) Cleaned string and symbol table, strings: 5489 processed, 0 removed, symbols: 50231 processed, 40 removed
[2024-07-13T22:09:48.502+0600][gc            ] GC(2) Pause Remark 9M->9M(1024M) 6.093ms
[2024-07-13T22:09:48.502+0600][gc,cpu        ] GC(2) User=0.02s Sys=0.00s Real=0.00s
[2024-07-13T22:09:48.502+0600][gc,marking    ] GC(2) Concurrent Rebuild Remembered Sets
[2024-07-13T22:09:48.522+0600][gc,marking    ] GC(2) Concurrent Rebuild Remembered Sets 19.609ms
[2024-07-13T22:09:48.522+0600][gc,start      ] GC(2) Pause Cleanup
[2024-07-13T22:09:48.523+0600][gc            ] GC(2) Pause Cleanup 9M->9M(1024M) 0.967ms
[2024-07-13T22:09:48.523+0600][gc,cpu        ] GC(2) User=0.00s Sys=0.00s Real=0.00s
[2024-07-13T22:09:48.524+0600][gc,marking    ] GC(2) Concurrent Cleanup for Next Mark
[2024-07-13T22:09:48.566+0600][gc,marking    ] GC(2) Concurrent Cleanup for Next Mark 42.925ms
[2024-07-13T22:09:48.567+0600][gc            ] GC(2) Concurrent Cycle 104.918ms
[2024-07-13T22:09:51.161+0600][gc,start      ] GC(3) Pause Young (Normal) (G1 Evacuation Pause)
[2024-07-13T22:09:51.161+0600][gc,task       ] GC(3) Using 4 workers of 4 for evacuation
[2024-07-13T22:09:51.177+0600][gc,phases     ] GC(3)   Pre Evacuate Collection Set: 0.0ms
[2024-07-13T22:09:51.177+0600][gc,phases     ] GC(3)   Evacuate Collection Set: 15.5ms
[2024-07-13T22:09:51.177+0600][gc,phases     ] GC(3)   Post Evacuate Collection Set: 0.9ms
[2024-07-13T22:09:51.178+0600][gc,phases     ] GC(3)   Other: 0.3ms
[2024-07-13T22:09:51.178+0600][gc,heap       ] GC(3) Eden regions: 50->0(46)
[2024-07-13T22:09:51.178+0600][gc,heap       ] GC(3) Survivor regions: 1->5(7)
[2024-07-13T22:09:51.178+0600][gc,heap       ] GC(3) Old regions: 9->9
[2024-07-13T22:09:51.178+0600][gc,heap       ] GC(3) Humongous regions: 129->129
[2024-07-13T22:09:51.178+0600][gc,metaspace  ] GC(3) Metaspace: 29483K(30720K)->29483K(30720K) NonClass: 25941K(26624K)->25941K(26624K) Class: 3541K(4096K)->3541K(4096K)
[2024-07-13T22:09:51.178+0600][gc            ] GC(3) Pause Young (Normal) (G1 Evacuation Pause) 187M->140M(1024M) 17.092ms
[2024-07-13T22:09:51.178+0600][gc,cpu        ] GC(3) User=0.06s Sys=0.00s Real=0.02s
[2024-07-13T22:09:52.443+0600][gc,start      ] GC(4) Pause Young (Concurrent Start) (Metadata GC Threshold)
[2024-07-13T22:09:52.443+0600][gc,task       ] GC(4) Using 4 workers of 4 for evacuation
[2024-07-13T22:09:52.483+0600][gc,mmu        ] GC(4) MMU target violated: 21.0ms (20.0ms/21.0ms)
[2024-07-13T22:09:52.484+0600][gc,phases     ] GC(4)   Pre Evacuate Collection Set: 0.2ms
[2024-07-13T22:09:52.484+0600][gc,phases     ] GC(4)   Evacuate Collection Set: 38.5ms
[2024-07-13T22:09:52.484+0600][gc,phases     ] GC(4)   Post Evacuate Collection Set: 1.0ms
[2024-07-13T22:09:52.484+0600][gc,phases     ] GC(4)   Other: 0.8ms
[2024-07-13T22:09:52.484+0600][gc,heap       ] GC(4) Eden regions: 22->0(49)
[2024-07-13T22:09:52.484+0600][gc,heap       ] GC(4) Survivor regions: 5->2(7)
[2024-07-13T22:09:52.484+0600][gc,heap       ] GC(4) Old regions: 9->13
[2024-07-13T22:09:52.484+0600][gc,heap       ] GC(4) Humongous regions: 129->129
[2024-07-13T22:09:52.484+0600][gc,metaspace  ] GC(4) Metaspace: 34245K(35628K)->34245K(35628K) NonClass: 30218K(30976K)->30218K(30976K) Class: 4027K(4652K)->4027K(4652K)
[2024-07-13T22:09:52.484+0600][gc            ] GC(4) Pause Young (Concurrent Start) (Metadata GC Threshold) 162M->142M(1024M) 41.063ms
[2024-07-13T22:09:52.484+0600][gc,cpu        ] GC(4) User=0.12s Sys=0.01s Real=0.04s
[2024-07-13T22:09:52.485+0600][gc            ] GC(5) Concurrent Cycle
[2024-07-13T22:09:52.485+0600][gc,marking    ] GC(5) Concurrent Clear Claimed Marks
[2024-07-13T22:09:52.485+0600][gc,marking    ] GC(5) Concurrent Clear Claimed Marks 0.187ms
[2024-07-13T22:09:52.485+0600][gc,marking    ] GC(5) Concurrent Scan Root Regions
[2024-07-13T22:09:52.491+0600][gc,marking    ] GC(5) Concurrent Scan Root Regions 6.309ms
[2024-07-13T22:09:52.492+0600][gc,marking    ] GC(5) Concurrent Mark (8.398s)
[2024-07-13T22:09:52.492+0600][gc,marking    ] GC(5) Concurrent Mark From Roots
[2024-07-13T22:09:52.492+0600][gc,task       ] GC(5) Using 1 workers of 1 for marking
[2024-07-13T22:09:52.542+0600][gc,marking    ] GC(5) Concurrent Mark From Roots 50.918ms
[2024-07-13T22:09:52.543+0600][gc,marking    ] GC(5) Concurrent Preclean
[2024-07-13T22:09:52.543+0600][gc,marking    ] GC(5) Concurrent Preclean 0.349ms
[2024-07-13T22:09:52.543+0600][gc,marking    ] GC(5) Concurrent Mark (8.398s, 8.449s) 51.461ms
[2024-07-13T22:09:52.543+0600][gc,start      ] GC(5) Pause Remark
[2024-07-13T22:09:52.558+0600][gc,stringtable] GC(5) Cleaned string and symbol table, strings: 11187 processed, 12 removed, symbols: 82702 processed, 20 removed
[2024-07-13T22:09:52.558+0600][gc            ] GC(5) Pause Remark 143M->143M(1024M) 15.109ms
[2024-07-13T22:09:52.559+0600][gc,cpu        ] GC(5) User=0.05s Sys=0.00s Real=0.02s
[2024-07-13T22:09:52.559+0600][gc,marking    ] GC(5) Concurrent Rebuild Remembered Sets
[2024-07-13T22:09:52.588+0600][gc,marking    ] GC(5) Concurrent Rebuild Remembered Sets 29.771ms
[2024-07-13T22:09:52.589+0600][gc,start      ] GC(5) Pause Cleanup
[2024-07-13T22:09:52.589+0600][gc            ] GC(5) Pause Cleanup 143M->143M(1024M) 0.649ms
[2024-07-13T22:09:52.590+0600][gc,cpu        ] GC(5) User=0.00s Sys=0.00s Real=0.00s
[2024-07-13T22:09:52.590+0600][gc,marking    ] GC(5) Concurrent Cleanup for Next Mark
[2024-07-13T22:09:52.621+0600][gc,marking    ] GC(5) Concurrent Cleanup for Next Mark 30.922ms
[2024-07-13T22:09:52.621+0600][gc            ] GC(5) Concurrent Cycle 135.882ms
[2024-07-13T22:31:22.069+0600][gc,start      ] GC(6) Pause Young (Normal) (G1 Evacuation Pause)
[2024-07-13T22:31:22.069+0600][gc,task       ] GC(6) Using 4 workers of 4 for evacuation
[2024-07-13T22:31:22.098+0600][gc,mmu        ] GC(6) MMU target violated: 21.0ms (20.0ms/21.0ms)
[2024-07-13T22:31:22.098+0600][gc,phases     ] GC(6)   Pre Evacuate Collection Set: 0.8ms
[2024-07-13T22:31:22.098+0600][gc,phases     ] GC(6)   Evacuate Collection Set: 26.3ms
[2024-07-13T22:31:22.098+0600][gc,phases     ] GC(6)   Post Evacuate Collection Set: 1.7ms
[2024-07-13T22:31:22.098+0600][gc,phases     ] GC(6)   Other: 0.8ms
[2024-07-13T22:31:22.098+0600][gc,heap       ] GC(6) Eden regions: 49->0(47)
[2024-07-13T22:31:22.098+0600][gc,heap       ] GC(6) Survivor regions: 2->4(7)
[2024-07-13T22:31:22.098+0600][gc,heap       ] GC(6) Old regions: 13->13
[2024-07-13T22:31:22.098+0600][gc,heap       ] GC(6) Humongous regions: 129->129
[2024-07-13T22:31:22.098+0600][gc,metaspace  ] GC(6) Metaspace: 39368K(41516K)->39368K(41516K) NonClass: 34608K(35840K)->34608K(35840K) Class: 4759K(5676K)->4759K(5676K)
[2024-07-13T22:31:22.099+0600][gc            ] GC(6) Pause Young (Normal) (G1 Evacuation Pause) 191M->144M(1024M) 29.731ms
[2024-07-13T22:31:22.099+0600][gc,cpu        ] GC(6) User=0.07s Sys=0.00s Real=0.03s
[2024-07-13T22:40:40.976+0600][gc,start      ] GC(7) Pause Young (Normal) (G1 Evacuation Pause)
[2024-07-13T22:40:40.976+0600][gc,task       ] GC(7) Using 4 workers of 4 for evacuation
[2024-07-13T22:40:41.045+0600][gc,mmu        ] GC(7) MMU target violated: 21.0ms (20.0ms/21.0ms)
[2024-07-13T22:40:41.046+0600][gc,phases     ] GC(7)   Pre Evacuate Collection Set: 0.1ms
[2024-07-13T22:40:41.046+0600][gc,phases     ] GC(7)   Evacuate Collection Set: 63.9ms
[2024-07-13T22:40:41.046+0600][gc,phases     ] GC(7)   Post Evacuate Collection Set: 4.4ms
[2024-07-13T22:40:41.046+0600][gc,phases     ] GC(7)   Other: 1.5ms
[2024-07-13T22:40:41.046+0600][gc,heap       ] GC(7) Eden regions: 47->0(48)
[2024-07-13T22:40:41.046+0600][gc,heap       ] GC(7) Survivor regions: 4->3(7)
[2024-07-13T22:40:41.046+0600][gc,heap       ] GC(7) Old regions: 13->15
[2024-07-13T22:40:41.046+0600][gc,heap       ] GC(7) Humongous regions: 129->129
[2024-07-13T22:40:41.046+0600][gc,metaspace  ] GC(7) Metaspace: 39466K(41516K)->39466K(41516K) NonClass: 34705K(35840K)->34705K(35840K) Class: 4761K(5676K)->4761K(5676K)
[2024-07-13T22:40:41.046+0600][gc            ] GC(7) Pause Young (Normal) (G1 Evacuation Pause) 191M->144M(1024M) 70.383ms
[2024-07-13T22:40:41.046+0600][gc,cpu        ] GC(7) User=0.08s Sys=0.01s Real=0.07s
[2024-07-13T22:51:04.031+0600][gc,start      ] GC(8) Pause Young (Normal) (G1 Evacuation Pause)
[2024-07-13T22:51:04.031+0600][gc,task       ] GC(8) Using 4 workers of 4 for evacuation
[2024-07-13T22:51:04.057+0600][gc,mmu        ] GC(8) MMU target violated: 21.0ms (20.0ms/21.0ms)
[2024-07-13T22:51:04.057+0600][gc,phases     ] GC(8)   Pre Evacuate Collection Set: 0.1ms
[2024-07-13T22:51:04.058+0600][gc,phases     ] GC(8)   Evacuate Collection Set: 22.8ms
[2024-07-13T22:51:04.058+0600][gc,phases     ] GC(8)   Post Evacuate Collection Set: 3.3ms
[2024-07-13T22:51:04.058+0600][gc,phases     ] GC(8)   Other: 0.7ms
[2024-07-13T22:51:04.058+0600][gc,heap       ] GC(8) Eden regions: 48->0(47)
[2024-07-13T22:51:04.058+0600][gc,heap       ] GC(8) Survivor regions: 3->4(7)
[2024-07-13T22:51:04.058+0600][gc,heap       ] GC(8) Old regions: 15->15
[2024-07-13T22:51:04.058+0600][gc,heap       ] GC(8) Humongous regions: 129->129
[2024-07-13T22:51:04.058+0600][gc,metaspace  ] GC(8) Metaspace: 39524K(41516K)->39524K(41516K) NonClass: 34762K(35840K)->34762K(35840K) Class: 4761K(5676K)->4761K(5676K)
[2024-07-13T22:51:04.058+0600][gc            ] GC(8) Pause Young (Normal) (G1 Evacuation Pause) 192M->145M(1024M) 27.175ms
[2024-07-13T22:51:04.058+0600][gc,cpu        ] GC(8) User=0.06s Sys=0.01s Real=0.03s
[2024-07-13T23:01:57.993+0600][gc,start      ] GC(9) Pause Young (Normal) (G1 Evacuation Pause)
[2024-07-13T23:01:57.993+0600][gc,task       ] GC(9) Using 4 workers of 4 for evacuation
[2024-07-13T23:01:58.013+0600][gc,phases     ] GC(9)   Pre Evacuate Collection Set: 0.0ms
[2024-07-13T23:01:58.013+0600][gc,phases     ] GC(9)   Evacuate Collection Set: 15.8ms
[2024-07-13T23:01:58.013+0600][gc,phases     ] GC(9)   Post Evacuate Collection Set: 3.7ms
[2024-07-13T23:01:58.013+0600][gc,phases     ] GC(9)   Other: 0.4ms
[2024-07-13T23:01:58.013+0600][gc,heap       ] GC(9) Eden regions: 47->0(48)
[2024-07-13T23:01:58.013+0600][gc,heap       ] GC(9) Survivor regions: 4->3(7)
[2024-07-13T23:01:58.013+0600][gc,heap       ] GC(9) Old regions: 15->15
[2024-07-13T23:01:58.013+0600][gc,heap       ] GC(9) Humongous regions: 129->129
[2024-07-13T23:01:58.013+0600][gc,metaspace  ] GC(9) Metaspace: 39582K(41772K)->39582K(41772K) NonClass: 34820K(36096K)->34820K(36096K) Class: 4761K(5676K)->4761K(5676K)
[2024-07-13T23:01:58.013+0600][gc            ] GC(9) Pause Young (Normal) (G1 Evacuation Pause) 192M->144M(1024M) 20.334ms
[2024-07-13T23:01:58.013+0600][gc,cpu        ] GC(9) User=0.06s Sys=0.01s Real=0.02s
[2024-07-13T23:12:40.238+0600][gc,start      ] GC(10) Pause Young (Normal) (G1 Evacuation Pause)
[2024-07-13T23:12:40.238+0600][gc,task       ] GC(10) Using 4 workers of 4 for evacuation
[2024-07-13T23:12:40.258+0600][gc,mmu        ] GC(10) MMU target violated: 20.1ms (20.0ms/21.0ms)
[2024-07-13T23:12:40.258+0600][gc,phases     ] GC(10)   Pre Evacuate Collection Set: 0.0ms
[2024-07-13T23:12:40.259+0600][gc,phases     ] GC(10)   Evacuate Collection Set: 16.6ms
[2024-07-13T23:12:40.259+0600][gc,phases     ] GC(10)   Post Evacuate Collection Set: 3.3ms
[2024-07-13T23:12:40.259+0600][gc,phases     ] GC(10)   Other: 0.5ms
[2024-07-13T23:12:40.259+0600][gc,heap       ] GC(10) Eden regions: 48->0(47)
[2024-07-13T23:12:40.259+0600][gc,heap       ] GC(10) Survivor regions: 3->4(7)
[2024-07-13T23:12:40.259+0600][gc,heap       ] GC(10) Old regions: 15->15
[2024-07-13T23:12:40.259+0600][gc,heap       ] GC(10) Humongous regions: 129->129
[2024-07-13T23:12:40.259+0600][gc,metaspace  ] GC(10) Metaspace: 39681K(41772K)->39681K(41772K) NonClass: 34914K(36096K)->34914K(36096K) Class: 4766K(5676K)->4766K(5676K)
[2024-07-13T23:12:40.259+0600][gc            ] GC(10) Pause Young (Normal) (G1 Evacuation Pause) 192M->145M(1024M) 20.632ms
[2024-07-13T23:12:40.259+0600][gc,cpu        ] GC(10) User=0.07s Sys=0.00s Real=0.02s
[2024-07-13T23:23:18.372+0600][gc,start      ] GC(11) Pause Young (Normal) (G1 Evacuation Pause)
[2024-07-13T23:23:18.372+0600][gc,task       ] GC(11) Using 4 workers of 4 for evacuation
[2024-07-13T23:23:18.392+0600][gc,phases     ] GC(11)   Pre Evacuate Collection Set: 0.1ms
[2024-07-13T23:23:18.392+0600][gc,phases     ] GC(11)   Evacuate Collection Set: 17.8ms
[2024-07-13T23:23:18.392+0600][gc,phases     ] GC(11)   Post Evacuate Collection Set: 1.2ms
[2024-07-13T23:23:18.392+0600][gc,phases     ] GC(11)   Other: 0.7ms
[2024-07-13T23:23:18.392+0600][gc,heap       ] GC(11) Eden regions: 47->0(47)
[2024-07-13T23:23:18.392+0600][gc,heap       ] GC(11) Survivor regions: 4->4(7)
[2024-07-13T23:23:18.392+0600][gc,heap       ] GC(11) Old regions: 15->15
[2024-07-13T23:23:18.392+0600][gc,heap       ] GC(11) Humongous regions: 129->129
[2024-07-13T23:23:18.392+0600][gc,metaspace  ] GC(11) Metaspace: 39879K(42156K)->39879K(42156K) NonClass: 35066K(36352K)->35066K(36352K) Class: 4813K(5804K)->4813K(5804K)
[2024-07-13T23:23:18.392+0600][gc            ] GC(11) Pause Young (Normal) (G1 Evacuation Pause) 192M->145M(1024M) 20.158ms
[2024-07-13T23:23:18.392+0600][gc,cpu        ] GC(11) User=0.07s Sys=0.00s Real=0.02s
[2024-07-13T23:32:42.066+0600][gc,start      ] GC(12) Pause Young (Normal) (G1 Evacuation Pause)
[2024-07-13T23:32:42.066+0600][gc,task       ] GC(12) Using 4 workers of 4 for evacuation
[2024-07-13T23:32:42.199+0600][gc,mmu        ] GC(12) MMU target violated: 21.0ms (20.0ms/21.0ms)
[2024-07-13T23:32:42.199+0600][gc,phases     ] GC(12)   Pre Evacuate Collection Set: 0.1ms
[2024-07-13T23:32:42.199+0600][gc,phases     ] GC(12)   Evacuate Collection Set: 110.7ms
[2024-07-13T23:32:42.199+0600][gc,phases     ] GC(12)   Post Evacuate Collection Set: 21.2ms
[2024-07-13T23:32:42.199+0600][gc,phases     ] GC(12)   Other: 0.8ms
[2024-07-13T23:32:42.199+0600][gc,heap       ] GC(12) Eden regions: 47->0(47)
[2024-07-13T23:32:42.199+0600][gc,heap       ] GC(12) Survivor regions: 4->4(7)
[2024-07-13T23:32:42.199+0600][gc,heap       ] GC(12) Old regions: 15->15
[2024-07-13T23:32:42.199+0600][gc,heap       ] GC(12) Humongous regions: 129->129
[2024-07-13T23:32:42.199+0600][gc,metaspace  ] GC(12) Metaspace: 40522K(42796K)->40522K(42796K) NonClass: 35602K(36864K)->35602K(36864K) Class: 4920K(5932K)->4920K(5932K)
[2024-07-13T23:32:42.199+0600][gc            ] GC(12) Pause Young (Normal) (G1 Evacuation Pause) 192M->145M(1024M) 133.156ms
[2024-07-13T23:32:42.200+0600][gc,cpu        ] GC(12) User=0.14s Sys=0.00s Real=0.14s
[2024-07-13T23:38:33.297+0600][gc,start      ] GC(13) Pause Young (Normal) (G1 Evacuation Pause)
[2024-07-13T23:38:33.297+0600][gc,task       ] GC(13) Using 4 workers of 4 for evacuation
[2024-07-13T23:38:33.354+0600][gc,mmu        ] GC(13) MMU target violated: 21.0ms (20.0ms/21.0ms)
[2024-07-13T23:38:33.355+0600][gc,phases     ] GC(13)   Pre Evacuate Collection Set: 0.1ms
[2024-07-13T23:38:33.355+0600][gc,phases     ] GC(13)   Evacuate Collection Set: 50.1ms
[2024-07-13T23:38:33.355+0600][gc,phases     ] GC(13)   Post Evacuate Collection Set: 7.1ms
[2024-07-13T23:38:33.355+0600][gc,phases     ] GC(13)   Other: 0.8ms
[2024-07-13T23:38:33.355+0600][gc,heap       ] GC(13) Eden regions: 47->0(46)
[2024-07-13T23:38:33.355+0600][gc,heap       ] GC(13) Survivor regions: 4->5(7)
[2024-07-13T23:38:33.355+0600][gc,heap       ] GC(13) Old regions: 15->15
[2024-07-13T23:38:33.355+0600][gc,heap       ] GC(13) Humongous regions: 129->129
[2024-07-13T23:38:33.355+0600][gc,metaspace  ] GC(13) Metaspace: 41794K(44204K)->41794K(44204K) NonClass: 36608K(37888K)->36608K(37888K) Class: 5186K(6316K)->5186K(6316K)
[2024-07-13T23:38:33.355+0600][gc            ] GC(13) Pause Young (Normal) (G1 Evacuation Pause) 192M->146M(1024M) 58.466ms
[2024-07-13T23:38:33.355+0600][gc,cpu        ] GC(13) User=0.09s Sys=0.01s Real=0.05s
