[2024-07-13T22:07:28.496+0600][gc,heap] Heap region size: 1M
[2024-07-13T22:07:28.551+0600][gc     ] Using G1
[2024-07-13T22:07:28.551+0600][gc,heap,coops] Heap address: 0x00000000c0000000, size: 1024 MB, Compressed Oops mode: 32-bit
[2024-07-13T22:07:28.553+0600][gc,cds       ] Mark closed archive regions in map: [0x00000000fff00000, 0x00000000fff6bff8]
[2024-07-13T22:07:28.553+0600][gc,cds       ] Mark open archive regions in map: [0x00000000ffe00000, 0x00000000ffe47ff8]
[2024-07-13T22:07:31.779+0600][gc,start     ] GC(0) Pause Young (Normal) (G1 Evacuation Pause)
[2024-07-13T22:07:31.781+0600][gc,task      ] GC(0) Using 4 workers of 4 for evacuation
[2024-07-13T22:07:31.826+0600][gc,mmu       ] GC(0) MMU target violated: 21.0ms (20.0ms/21.0ms)
[2024-07-13T22:07:31.826+0600][gc,phases    ] GC(0)   Pre Evacuate Collection Set: 0.0ms
[2024-07-13T22:07:31.827+0600][gc,phases    ] GC(0)   Evacuate Collection Set: 44.3ms
[2024-07-13T22:07:31.827+0600][gc,phases    ] GC(0)   Post Evacuate Collection Set: 1.1ms
[2024-07-13T22:07:31.827+0600][gc,phases    ] GC(0)   Other: 1.7ms
[2024-07-13T22:07:31.827+0600][gc,heap      ] GC(0) Eden regions: 51->0(44)
[2024-07-13T22:07:31.827+0600][gc,heap      ] GC(0) Survivor regions: 0->7(7)
[2024-07-13T22:07:31.827+0600][gc,heap      ] GC(0) Old regions: 2->2
[2024-07-13T22:07:31.827+0600][gc,heap      ] GC(0) Humongous regions: 0->0
[2024-07-13T22:07:31.827+0600][gc,metaspace ] GC(0) Metaspace: 15562K(16256K)->15562K(16256K) NonClass: 13606K(14080K)->13606K(14080K) Class: 1955K(2176K)->1955K(2176K)
[2024-07-13T22:07:31.827+0600][gc           ] GC(0) Pause Young (Normal) (G1 Evacuation Pause) 51M->7M(1024M) 47.439ms
[2024-07-13T22:07:31.827+0600][gc,cpu       ] GC(0) User=0.14s Sys=0.02s Real=0.04s
[2024-07-13T22:07:33.172+0600][gc,start     ] GC(1) Pause Young (Concurrent Start) (Metadata GC Threshold)
[2024-07-13T22:07:33.173+0600][gc,task      ] GC(1) Using 4 workers of 4 for evacuation
[2024-07-13T22:07:33.207+0600][gc,mmu       ] GC(1) MMU target violated: 21.0ms (20.0ms/21.0ms)
[2024-07-13T22:07:33.207+0600][gc,phases    ] GC(1)   Pre Evacuate Collection Set: 0.1ms
[2024-07-13T22:07:33.207+0600][gc,phases    ] GC(1)   Evacuate Collection Set: 33.1ms
[2024-07-13T22:07:33.207+0600][gc,phases    ] GC(1)   Post Evacuate Collection Set: 0.8ms
[2024-07-13T22:07:33.207+0600][gc,phases    ] GC(1)   Other: 0.7ms
[2024-07-13T22:07:33.207+0600][gc,heap      ] GC(1) Eden regions: 19->0(50)
[2024-07-13T22:07:33.207+0600][gc,heap      ] GC(1) Survivor regions: 7->1(7)
[2024-07-13T22:07:33.207+0600][gc,heap      ] GC(1) Old regions: 2->9
[2024-07-13T22:07:33.207+0600][gc,heap      ] GC(1) Humongous regions: 0->0
[2024-07-13T22:07:33.207+0600][gc,metaspace ] GC(1) Metaspace: 20350K(21248K)->20350K(21248K) NonClass: 17818K(18432K)->17818K(18432K) Class: 2531K(2816K)->2531K(2816K)
[2024-07-13T22:07:33.207+0600][gc           ] GC(1) Pause Young (Concurrent Start) (Metadata GC Threshold) 25M->8M(1024M) 35.027ms
[2024-07-13T22:07:33.208+0600][gc,cpu       ] GC(1) User=0.10s Sys=0.02s Real=0.03s
[2024-07-13T22:07:33.208+0600][gc           ] GC(2) Concurrent Cycle
[2024-07-13T22:07:33.208+0600][gc,marking   ] GC(2) Concurrent Clear Claimed Marks
[2024-07-13T22:07:33.208+0600][gc,marking   ] GC(2) Concurrent Clear Claimed Marks 0.109ms
[2024-07-13T22:07:33.208+0600][gc,marking   ] GC(2) Concurrent Scan Root Regions
[2024-07-13T22:07:33.212+0600][gc,marking   ] GC(2) Concurrent Scan Root Regions 3.699ms
[2024-07-13T22:07:33.212+0600][gc,marking   ] GC(2) Concurrent Mark (4.726s)
[2024-07-13T22:07:33.212+0600][gc,marking   ] GC(2) Concurrent Mark From Roots
[2024-07-13T22:07:33.212+0600][gc,task      ] GC(2) Using 1 workers of 1 for marking
[2024-07-13T22:07:33.247+0600][gc,marking   ] GC(2) Concurrent Mark From Roots 35.544ms
[2024-07-13T22:07:33.247+0600][gc,marking   ] GC(2) Concurrent Preclean
[2024-07-13T22:07:33.248+0600][gc,marking   ] GC(2) Concurrent Preclean 0.425ms
[2024-07-13T22:07:33.248+0600][gc,marking   ] GC(2) Concurrent Mark (4.726s, 4.762s) 36.158ms
[2024-07-13T22:07:33.248+0600][gc,start     ] GC(2) Pause Remark
[2024-07-13T22:07:33.256+0600][gc,stringtable] GC(2) Cleaned string and symbol table, strings: 5499 processed, 0 removed, symbols: 50513 processed, 42 removed
[2024-07-13T22:07:33.257+0600][gc            ] GC(2) Pause Remark 9M->9M(1024M) 8.651ms
[2024-07-13T22:07:33.257+0600][gc,cpu        ] GC(2) User=0.02s Sys=0.00s Real=0.01s
[2024-07-13T22:07:33.257+0600][gc,marking    ] GC(2) Concurrent Rebuild Remembered Sets
[2024-07-13T22:07:33.282+0600][gc,marking    ] GC(2) Concurrent Rebuild Remembered Sets 25.330ms
[2024-07-13T22:07:33.283+0600][gc,start      ] GC(2) Pause Cleanup
[2024-07-13T22:07:33.284+0600][gc            ] GC(2) Pause Cleanup 10M->10M(1024M) 0.866ms
[2024-07-13T22:07:33.284+0600][gc,cpu        ] GC(2) User=0.00s Sys=0.00s Real=0.00s
[2024-07-13T22:07:33.284+0600][gc,marking    ] GC(2) Concurrent Cleanup for Next Mark
[2024-07-13T22:07:33.325+0600][gc,marking    ] GC(2) Concurrent Cleanup for Next Mark 40.511ms
[2024-07-13T22:07:33.325+0600][gc            ] GC(2) Concurrent Cycle 117.216ms
[2024-07-13T22:07:35.689+0600][gc,start      ] GC(3) Pause Young (Normal) (G1 Evacuation Pause)
[2024-07-13T22:07:35.689+0600][gc,task       ] GC(3) Using 4 workers of 4 for evacuation
[2024-07-13T22:07:35.703+0600][gc,phases     ] GC(3)   Pre Evacuate Collection Set: 0.0ms
[2024-07-13T22:07:35.703+0600][gc,phases     ] GC(3)   Evacuate Collection Set: 12.7ms
[2024-07-13T22:07:35.703+0600][gc,phases     ] GC(3)   Post Evacuate Collection Set: 0.9ms
[2024-07-13T22:07:35.703+0600][gc,phases     ] GC(3)   Other: 0.4ms
[2024-07-13T22:07:35.703+0600][gc,heap       ] GC(3) Eden regions: 50->0(46)
[2024-07-13T22:07:35.703+0600][gc,heap       ] GC(3) Survivor regions: 1->5(7)
[2024-07-13T22:07:35.703+0600][gc,heap       ] GC(3) Old regions: 9->9
[2024-07-13T22:07:35.703+0600][gc,heap       ] GC(3) Humongous regions: 129->129
[2024-07-13T22:07:35.703+0600][gc,metaspace  ] GC(3) Metaspace: 29444K(30720K)->29444K(30720K) NonClass: 25914K(26624K)->25914K(26624K) Class: 3529K(4096K)->3529K(4096K)
[2024-07-13T22:07:35.703+0600][gc            ] GC(3) Pause Young (Normal) (G1 Evacuation Pause) 187M->140M(1024M) 14.341ms
[2024-07-13T22:07:35.703+0600][gc,cpu        ] GC(3) User=0.05s Sys=0.00s Real=0.01s
[2024-07-13T22:07:37.265+0600][gc,start      ] GC(4) Pause Young (Concurrent Start) (Metadata GC Threshold)
[2024-07-13T22:07:37.265+0600][gc,task       ] GC(4) Using 4 workers of 4 for evacuation
[2024-07-13T22:07:37.298+0600][gc,mmu        ] GC(4) MMU target violated: 21.0ms (20.0ms/21.0ms)
[2024-07-13T22:07:37.298+0600][gc,phases     ] GC(4)   Pre Evacuate Collection Set: 0.2ms
[2024-07-13T22:07:37.298+0600][gc,phases     ] GC(4)   Evacuate Collection Set: 31.9ms
[2024-07-13T22:07:37.298+0600][gc,phases     ] GC(4)   Post Evacuate Collection Set: 0.8ms
[2024-07-13T22:07:37.299+0600][gc,phases     ] GC(4)   Other: 0.7ms
[2024-07-13T22:07:37.299+0600][gc,heap       ] GC(4) Eden regions: 23->0(49)
[2024-07-13T22:07:37.299+0600][gc,heap       ] GC(4) Survivor regions: 5->2(7)
[2024-07-13T22:07:37.299+0600][gc,heap       ] GC(4) Old regions: 9->13
[2024-07-13T22:07:37.299+0600][gc,heap       ] GC(4) Humongous regions: 129->129
[2024-07-13T22:07:37.299+0600][gc,metaspace  ] GC(4) Metaspace: 34237K(35628K)->34237K(35628K) NonClass: 30212K(30976K)->30212K(30976K) Class: 4025K(4652K)->4025K(4652K)
[2024-07-13T22:07:37.299+0600][gc            ] GC(4) Pause Young (Concurrent Start) (Metadata GC Threshold) 163M->142M(1024M) 33.747ms
[2024-07-13T22:07:37.299+0600][gc,cpu        ] GC(4) User=0.08s Sys=0.01s Real=0.04s
[2024-07-13T22:07:37.299+0600][gc            ] GC(5) Concurrent Cycle
[2024-07-13T22:07:37.299+0600][gc,marking    ] GC(5) Concurrent Clear Claimed Marks
[2024-07-13T22:07:37.299+0600][gc,marking    ] GC(5) Concurrent Clear Claimed Marks 0.200ms
[2024-07-13T22:07:37.299+0600][gc,marking    ] GC(5) Concurrent Scan Root Regions
[2024-07-13T22:07:37.310+0600][gc,marking    ] GC(5) Concurrent Scan Root Regions 11.302ms
[2024-07-13T22:07:37.311+0600][gc,marking    ] GC(5) Concurrent Mark (8.825s)
[2024-07-13T22:07:37.311+0600][gc,marking    ] GC(5) Concurrent Mark From Roots
[2024-07-13T22:07:37.311+0600][gc,task       ] GC(5) Using 1 workers of 1 for marking
[2024-07-13T22:07:37.370+0600][gc,marking    ] GC(5) Concurrent Mark From Roots 59.453ms
[2024-07-13T22:07:37.370+0600][gc,marking    ] GC(5) Concurrent Preclean
[2024-07-13T22:07:37.371+0600][gc,marking    ] GC(5) Concurrent Preclean 0.348ms
[2024-07-13T22:07:37.371+0600][gc,marking    ] GC(5) Concurrent Mark (8.825s, 8.885s) 59.991ms
[2024-07-13T22:07:37.371+0600][gc,start      ] GC(5) Pause Remark
[2024-07-13T22:07:37.383+0600][gc,stringtable] GC(5) Cleaned string and symbol table, strings: 11186 processed, 12 removed, symbols: 82701 processed, 19 removed
[2024-07-13T22:07:37.384+0600][gc            ] GC(5) Pause Remark 143M->143M(1024M) 13.295ms
[2024-07-13T22:07:37.384+0600][gc,cpu        ] GC(5) User=0.04s Sys=0.00s Real=0.01s
[2024-07-13T22:07:37.384+0600][gc,marking    ] GC(5) Concurrent Rebuild Remembered Sets
[2024-07-13T22:07:37.415+0600][gc,marking    ] GC(5) Concurrent Rebuild Remembered Sets 30.940ms
[2024-07-13T22:07:37.416+0600][gc,start      ] GC(5) Pause Cleanup
[2024-07-13T22:07:37.417+0600][gc            ] GC(5) Pause Cleanup 143M->143M(1024M) 0.735ms
[2024-07-13T22:07:37.417+0600][gc,cpu        ] GC(5) User=0.01s Sys=0.00s Real=0.00s
[2024-07-13T22:07:37.417+0600][gc,marking    ] GC(5) Concurrent Cleanup for Next Mark
[2024-07-13T22:07:37.455+0600][gc,marking    ] GC(5) Concurrent Cleanup for Next Mark 38.691ms
[2024-07-13T22:07:37.456+0600][gc            ] GC(5) Concurrent Cycle 156.769ms
