[2024-07-13T18:07:56.691+0600][gc,heap] Heap region size: 1M
[2024-07-13T18:07:56.723+0600][gc     ] Using G1
[2024-07-13T18:07:56.724+0600][gc,heap,coops] Heap address: 0x00000000e0000000, size: 512 MB, Compressed Oops mode: 32-bit
[2024-07-13T18:07:56.725+0600][gc,cds       ] Mark closed archive regions in map: [0x00000000fff00000, 0x00000000fff6bff8]
[2024-07-13T18:07:56.725+0600][gc,cds       ] Mark open archive regions in map: [0x00000000ffe00000, 0x00000000ffe47ff8]
[2024-07-13T18:08:00.992+0600][gc,start     ] GC(0) Pause Young (Normal) (G1 Evacuation Pause)
[2024-07-13T18:08:00.993+0600][gc,task      ] GC(0) Using 4 workers of 4 for evacuation
[2024-07-13T18:08:01.036+0600][gc,mmu       ] GC(0) MMU target violated: 21.0ms (20.0ms/21.0ms)
[2024-07-13T18:08:01.036+0600][gc,phases    ] GC(0)   Pre Evacuate Collection Set: 0.0ms
[2024-07-13T18:08:01.036+0600][gc,phases    ] GC(0)   Evacuate Collection Set: 41.3ms
[2024-07-13T18:08:01.036+0600][gc,phases    ] GC(0)   Post Evacuate Collection Set: 0.9ms
[2024-07-13T18:08:01.036+0600][gc,phases    ] GC(0)   Other: 2.0ms
[2024-07-13T18:08:01.036+0600][gc,heap      ] GC(0) Eden regions: 25->0(21)
[2024-07-13T18:08:01.036+0600][gc,heap      ] GC(0) Survivor regions: 0->4(4)
[2024-07-13T18:08:01.036+0600][gc,heap      ] GC(0) Old regions: 2->4
[2024-07-13T18:08:01.036+0600][gc,heap      ] GC(0) Humongous regions: 0->0
[2024-07-13T18:08:01.036+0600][gc,metaspace ] GC(0) Metaspace: 8755K(9344K)->8755K(9344K) NonClass: 7763K(8192K)->7763K(8192K) Class: 992K(1152K)->992K(1152K)
[2024-07-13T18:08:01.037+0600][gc           ] GC(0) Pause Young (Normal) (G1 Evacuation Pause) 25M->6M(512M) 44.569ms
[2024-07-13T18:08:01.037+0600][gc,cpu       ] GC(0) User=0.11s Sys=0.03s Real=0.05s
[2024-07-13T23:24:25.733+0600][gc,start     ] GC(1) Pause Young (Normal) (G1 Evacuation Pause)
[2024-07-13T23:24:25.827+0600][gc,task      ] GC(1) Using 4 workers of 4 for evacuation
[2024-07-13T23:24:25.860+0600][gc,mmu       ] GC(1) MMU target violated: 21.0ms (20.0ms/21.0ms)
[2024-07-13T23:24:25.861+0600][gc,phases    ] GC(1)   Pre Evacuate Collection Set: 0.4ms
[2024-07-13T23:24:25.861+0600][gc,phases    ] GC(1)   Evacuate Collection Set: 31.6ms
[2024-07-13T23:24:25.861+0600][gc,phases    ] GC(1)   Post Evacuate Collection Set: 1.4ms
[2024-07-13T23:24:25.861+0600][gc,phases    ] GC(1)   Other: 93.9ms
[2024-07-13T23:24:25.861+0600][gc,heap      ] GC(1) Eden regions: 21->0(24)
[2024-07-13T23:24:25.861+0600][gc,heap      ] GC(1) Survivor regions: 4->1(4)
[2024-07-13T23:24:25.861+0600][gc,heap      ] GC(1) Old regions: 4->8
[2024-07-13T23:24:25.861+0600][gc,heap      ] GC(1) Humongous regions: 0->0
[2024-07-13T23:24:25.861+0600][gc,metaspace ] GC(1) Metaspace: 11167K(11648K)->11167K(11648K) NonClass: 9940K(10240K)->9940K(10240K) Class: 1227K(1408K)->1227K(1408K)
[2024-07-13T23:24:25.861+0600][gc           ] GC(1) Pause Young (Normal) (G1 Evacuation Pause) 27M->7M(512M) 127.581ms
[2024-07-13T23:24:25.861+0600][gc,cpu       ] GC(1) User=0.11s Sys=0.01s Real=0.13s
